*1,10,10.5,1,1.2340,0.00*
0.50, 3.30, 3.30, 3.30
small: 0.0000010000
double: 1.1234567890123457e+21
